// Jest Snapshot v1, https://goo.gl/fbAQLP

exports[`look first test 1`] = `
<div
  className="section bg-image-section-1"
>
  <section
    className="hero is-primary"
  >
    <div
      className="hero-body"
    >
      <div
        className="columns"
      >
        <div
          className="column is-half is-offset-one-quarter"
        >
          <h1
            className="title"
          >
            Angel Rodriguez
          </h1>
          <h2
            className="subtitle"
          >
            Checkout
          </h2>
          <hr />
          <p />
        </div>
      </div>
    </div>
  </section>
</div>
`;
